WRN 2026-05-16T16:53:45.559 ?.36560    server_start:197: Failed to start server: operation not permitted: /var/folders/c8/ck_z9sf55h704q_lwvr450wh0000gn/T/nvim.vbg/R0E3MV/nvim.36560.0
WRN 2026-05-16T16:53:53.924 ?.36705    server_start:197: Failed to start server: operation not permitted: /var/folders/c8/ck_z9sf55h704q_lwvr450wh0000gn/T/nvim.vbg/6O01wR/nvim.36705.0
WRN 2026-05-16T16:53:56.679 ?.36760    server_start:197: Failed to start server: operation not permitted: /var/folders/c8/ck_z9sf55h704q_lwvr450wh0000gn/T/nvim.vbg/PXJuvb/nvim.36760.0
WRN 2026-05-16T16:54:00.990 ?.36833    server_start:197: Failed to start server: operation not permitted: /var/folders/c8/ck_z9sf55h704q_lwvr450wh0000gn/T/nvim.vbg/QZ3peN/nvim.36833.0
WRN 2026-05-16T17:07:51.021 ?.43085    server_start:197: Failed to start server: operation not permitted: /var/folders/c8/ck_z9sf55h704q_lwvr450wh0000gn/T/nvim.vbg/OS6hrw/nvim.43085.0
WRN 2026-05-16T17:09:26.704 ?.44837    server_start:197: Failed to start server: operation not permitted: /var/folders/c8/ck_z9sf55h704q_lwvr450wh0000gn/T/nvim.vbg/Q6IYE9/nvim.44837.0
WRN 2026-05-16T17:39:45.387 ?.55637    server_start:197: Failed to start server: operation not permitted: /var/folders/c8/ck_z9sf55h704q_lwvr450wh0000gn/T/nvim.vbg/c8yMzu/nvim.55637.0
WRN 2026-05-16T17:39:45.390 ?.55638    server_start:197: Failed to start server: operation not permitted: /var/folders/c8/ck_z9sf55h704q_lwvr450wh0000gn/T/nvim.vbg/TtGZM4/nvim.55638.0
WRN 2026-05-16T17:41:39.301 ?.56795    server_start:197: Failed to start server: operation not permitted: /var/folders/c8/ck_z9sf55h704q_lwvr450wh0000gn/T/nvim.vbg/XmuQc9/nvim.56795.0
WRN 2026-05-16T17:41:39.312 ?.56796    server_start:197: Failed to start server: operation not permitted: /var/folders/c8/ck_z9sf55h704q_lwvr450wh0000gn/T/nvim.vbg/lcgH7V/nvim.56796.0
WRN 2026-05-16T17:42:34.646 ?.57269    server_start:197: Failed to start server: operation not permitted: /var/folders/c8/ck_z9sf55h704q_lwvr450wh0000gn/T/nvim.vbg/yvTH6m/nvim.57269.0
WRN 2026-05-16T17:42:34.648 ?.57270    server_start:197: Failed to start server: operation not permitted: /var/folders/c8/ck_z9sf55h704q_lwvr450wh0000gn/T/nvim.vbg/nElZYT/nvim.57270.0
WRN 2026-05-16T17:44:44.044 ?.58460    server_start:197: Failed to start server: operation not permitted: /var/folders/c8/ck_z9sf55h704q_lwvr450wh0000gn/T/nvim.vbg/sfVLRD/nvim.58460.0
WRN 2026-05-16T17:44:44.044 ?.58461    server_start:197: Failed to start server: operation not permitted: /var/folders/c8/ck_z9sf55h704q_lwvr450wh0000gn/T/nvim.vbg/W6h9lJ/nvim.58461.0
WRN 2026-05-16T17:46:53.818 ?.60077    server_start:197: Failed to start server: operation not permitted: /var/folders/c8/ck_z9sf55h704q_lwvr450wh0000gn/T/nvim.vbg/ihlGmn/nvim.60077.0
WRN 2026-05-16T17:53:46.012 ?.63450    server_start:197: Failed to start server: operation not permitted: /var/folders/c8/ck_z9sf55h704q_lwvr450wh0000gn/T/nvim.vbg/cHARVa/nvim.63450.0
WRN 2026-05-16T21:14:22.125 ?.54774    server_start:197: Failed to start server: operation not permitted: /var/folders/c8/ck_z9sf55h704q_lwvr450wh0000gn/T/nvim.vbg/rnlVIk/nvim.54774.0
WRN 2026-05-16T21:43:05.401 ?.77525    server_start:197: Failed to start server: operation not permitted: /var/folders/c8/ck_z9sf55h704q_lwvr450wh0000gn/T/nvim.vbg/2YQL9i/nvim.77525.0
WRN 2026-05-16T21:43:11.893 ?.77635    server_start:197: Failed to start server: operation not permitted: /var/folders/c8/ck_z9sf55h704q_lwvr450wh0000gn/T/nvim.vbg/2542cR/nvim.77635.0
WRN 2026-05-16T21:43:37.851 ?.78110    server_start:197: Failed to start server: operation not permitted: /var/folders/c8/ck_z9sf55h704q_lwvr450wh0000gn/T/nvim.vbg/xXnXKq/nvim.78110.0
WRN 2026-05-16T21:43:42.145 ?.78213    server_start:197: Failed to start server: operation not permitted: /var/folders/c8/ck_z9sf55h704q_lwvr450wh0000gn/T/nvim.vbg/JfcE10/nvim.78213.0
WRN 2026-05-16T21:49:36.659 ?.84653    server_start:197: Failed to start server: operation not permitted: /var/folders/c8/ck_z9sf55h704q_lwvr450wh0000gn/T/nvim.vbg/xqxuCb/nvim.84653.0
WRN 2026-05-16T21:49:36.662 ?.84655    server_start:197: Failed to start server: operation not permitted: /var/folders/c8/ck_z9sf55h704q_lwvr450wh0000gn/T/nvim.vbg/XGpwiM/nvim.84655.0
WRN 2026-05-17T01:03:34.774 ?.78674    server_start:197: Failed to start server: operation not permitted: /var/folders/c8/ck_z9sf55h704q_lwvr450wh0000gn/T/nvim.vbg/Ni2U9T/nvim.78674.0
